** Drc report for TSSI.kicad_pcb **
** Created on 2025-04-01T13:44:13-0700 **

** Found 0 DRC violations **

** Found 5 unconnected pads **
[unconnected_items]: Missing connection between items
    Local override; error
    @(164.6000 mm, 115.7000 mm): Track [/RED_LIGHTS] on B.Cu, length 0.7071 mm
    @(167.8750 mm, 115.6750 mm): Track [/RED_LIGHTS] on F.Cu, length 0.7071 mm
[unconnected_items]: Missing connection between items
    Local override; error
    @(137.3750 mm, 115.1750 mm): Track [/RED_LIGHTS] on F.Cu, length 2.1500 mm
    @(135.1000 mm, 113.0500 mm): Track [/RED_LIGHTS] on B.Cu, length 0.7071 mm
[unconnected_items]: Missing connection between items
    Local override; error
    @(127.8750 mm, 115.6750 mm): Track [/RED_LIGHTS] on F.Cu, length 0.7071 mm
    @(124.6000 mm, 115.7000 mm): Track [/RED_LIGHTS] on B.Cu, length 0.7071 mm
[unconnected_items]: Missing connection between items
    Local override; error
    @(155.1000 mm, 115.2000 mm): Track [/RED_LIGHTS] on B.Cu, length 2.1500 mm
    @(157.3750 mm, 113.0250 mm): Track [/RED_LIGHTS] on F.Cu, length 0.7071 mm
[unconnected_items]: Missing connection between items
    Local override; error
    @(140.6000 mm, 112.8500 mm): Track [/GREEN_LIGHTS] on F.Cu, length 2.5809 mm
    @(140.1000 mm, 113.0500 mm): Track [/GREEN_LIGHTS] on B.Cu, length 0.7071 mm

** Found 0 Footprint errors **

** End of Report **
